C51 COMPILER V9.60.0.0   LCD4                                                              06/21/2020 16:47:55 PAGE 1   


C51 COMPILER V9.60.0.0, COMPILATION OF MODULE LCD4
OBJECT MODULE PLACED IN .\LCD4.obj
COMPILER INVOKED BY: C:\Keil_v5\C51\BIN\C51.EXE ..\Lib\LCD4.c OMF2 OPTIMIZE(8,SPEED) BROWSE DEBUG PRINT(.\LCD4.lst) TABS
                    -(2) OBJECT(.\LCD4.obj)

line level    source

   1          #include"main.h"
   2          #include"port.h"
   3          #include"LCD4.h"
   4          #include"delay.h"
   5          #include"String.h"
   6          
   7          void LCD_Enable()
   8          {
   9   1        LCD_EN = 1;
  10   1        Delay_ms(1);
  11   1        LCD_EN = 0;  
  12   1        Delay_ms(1); 
  13   1      }
  14          
  15          void LCD_Send4Bit(unsigned char Data)
  16          {
  17   1        LCD_D4 =  Data&0x01;
  18   1        LCD_D5 = (Data>>1)&0x01;
  19   1        LCD_D6 = (Data>>2)&0x01;
  20   1        LCD_D7 = (Data>>3)&0x01; 
  21   1      }
  22          
  23          void LCD_SendCommand(unsigned char command)
  24          {
  25   1        LCD_Send4Bit(command >>4);/* Gui 4 bit cao */
  26   1        LCD_Enable();
  27   1        LCD_Send4Bit(command);  /* Gui 4 bit thap*/
  28   1        LCD_Enable();
  29   1      }
  30          /* USER CODE END 0 */
  31          void LCD_Clear()
  32          {
  33   1        LCD_SendCommand(0x01);  
  34   1        Delay_ms(1); 
  35   1      }
  36          
  37          void LCD_Init()
  38          {
  39   1        LCD_Send4Bit(0x00);
  40   1        LCD_RS = 0;
  41   1        LCD_Send4Bit(0x03);
  42   1        LCD_Enable();
  43   1        LCD_Enable();
  44   1        LCD_Enable();
  45   1        LCD_Send4Bit(0x02);
  46   1        LCD_Enable();
  47   1        LCD_SendCommand(0x28); // giao thuc 4 bit, hien thi 2 hang, ki tu 5x8
  48   1        LCD_SendCommand(0x0C); // cho phep hien thi man hinh
  49   1        LCD_SendCommand(0x06); // tang ID, khong dich khung hinh
  50   1        LCD_SendCommand(0x01); // xoa toan bo khung hinh
  51   1      }
  52          
  53          void LCD_Gotoxy(unsigned char x, unsigned char y)
  54          {
C51 COMPILER V9.60.0.0   LCD4                                                              06/21/2020 16:47:55 PAGE 2   

  55   1        unsigned char address;
  56   1          if(!y)address=(0x80+x);
  57   1          else address=(0xC0+x);
  58   1          LCD_SendCommand(address);
  59   1      
  60   1      }
  61          
  62          void LCD_PutChar(unsigned char Data)
  63          {
  64   1        LCD_RS = 1;
  65   1        LCD_SendCommand(Data);
  66   1        LCD_RS = 0;
  67   1      }
  68          
  69          void LCD_Puts(char *s)
  70          {
  71   1          while (*s){
  72   2              LCD_PutChar(*s);
  73   2            s++;
  74   2          }
  75   1      }


MODULE INFORMATION:   STATIC OVERLAYABLE
   CODE SIZE        =    189    ----
   CONSTANT SIZE    =   ----    ----
   XDATA SIZE       =   ----    ----
   PDATA SIZE       =   ----    ----
   DATA SIZE        =   ----       5
   IDATA SIZE       =   ----    ----
   BIT SIZE         =   ----    ----
   EDATA SIZE       =   ----    ----
   HDATA SIZE       =   ----    ----
   XDATA CONST SIZE =   ----    ----
   FAR CONST SIZE   =   ----    ----
END OF MODULE INFORMATION.


C51 COMPILATION COMPLETE.  0 WARNING(S),  0 ERROR(S)
